PS C:\Users\yuris\OneDrive\Documents\GitHub\CSD122-JS-Works\JS-Class> node .\mid-testing.js
The result is: 1020
PS C:\Users\yuris\OneDrive\Documents\GitHub\CSD122-JS-Works\JS-Class> node .\mid-testing.js
The result is: 1020
C:\Users\yuris\OneDrive\Documents\GitHub\CSD122-JS-Works\JS-Class\mid-testing.js:10
    console.log(a);
                ^

ReferenceError: Cannot access 'a' before initialization
    at print (C:\Users\yuris\OneDrive\Documents\GitHub\CSD122-JS-Works\JS-Class\mid-testing.js:10:17)
    at Object.<anonymous> (C:\Users\yuris\OneDrive\Documents\GitHub\CSD122-JS-Works\JS-Class\mid-testing.js:14:1)
    at Module._compile (internal/modules/cjs/loader.js:1133:30)
    at Object.Module._extensions..js (internal/modules/cjs/loader.js:1153:10)
    at Module.load (internal/modules/cjs/loader.js:977:32)
    at Function.Module._load (internal/modules/cjs/loader.js:877:14)
    at Function.executeUserEntryPoint [as runMain] (internal/modules/run_main.js:74:12)
    at internal/main/run_main_module.js:18:47
PS C:\Users\yuris\OneDrive\Documents\GitHub\CSD122-JS-Works\JS-Class> node .\mid-testing.js
The result is: 1020
[ 'Apple', 'Orange' ]
PS C:\Users\yuris\OneDrive\Documents\GitHub\CSD122-JS-Works\JS-Class> node .\mid-testing.js
The result is: 1020
[ 'Apple', 'Orange', 'Pear' ]
PS C:\Users\yuris\OneDrive\Documents\GitHub\CSD122-JS-Works\JS-Class> node .\mid-testing.js
The result is: 1020
[ 'Apple', 'Orange', 'Pear' ]
[ 'John', 'Doe' ]
[ 'Mary', 'Smith' ]
PS C:\Users\yuris\OneDrive\Documents\GitHub\CSD122-JS-Works\JS-Class> node .\mid-testing.js
The result is: 1020
[ 'Apple', 'Orange', 'Pear' ]
[ 'John', 'Doe' ]
[ 'Mary', 'Smith' ]
PS C:\Users\yuris\OneDrive\Documents\GitHub\CSD122-JS-Works\JS-Class> node .\mid-testing.js
The result is: 1020
[ 'Apple', 'Orange', 'Pear' ]
[ 'John', 'Doe' ]
[ 'Mary', 'Smith' ]
[
  7.9911664400198035,  61.95691866735409, 277.92985799775954,  374.5978582601917,
  193.10312974862578,  84.49314278189473,  293.8986751462895, 258.21700976886126,
   59.45869671970527,  258.3526682277402,   75.2967214953367, 138.82588403170084,
   42.52216590050031,  320.5054549386306,  69.28987399537947, 239.43488457779463,
  211.79586405162905,  372.8719204802304, 163.39149507535683,  141.7424612722793,
   307.8388674426984,  268.2460881991455, 131.61889213763098,  251.6196427111125,
   258.9028985297342,  244.0347002043306,  79.75597578854207,  71.57728726375501,
   366.0729386941442,  319.1104433944673, 197.43634912412702, 104.72573962100684,
   180.5800584724052, 326.04293231759385, 143.28284124769368, 239.36663012153625,
   327.1204508562123,  89.15040220962531, 395.16053585276376,  175.6203512753854,
  11.159207606886046,  284.7177389033628,  95.48733457961917,   42.7106649508918,
  17.723282635260063, 294.92896436958665,  42.53657696502762,  309.6223536535411,
    25.6654645293529,  260.1762504831089, 154.02702474808487, 123.96233291733631,
   369.1989305543296,  88.80403559416567, 255.99901513969624, 258.67263051906673,
   393.7618721945864, 324.76070343253224, 378.46831118303186,  366.1778375000545,
  192.27063123780363,  244.7007681799839, 255.33377025260995, 396.04562568285576,
  393.56132776658274, 218.51455785983526, 203.80911571580648, 318.54780958356696,
  266.17359592860123, 366.38005003095407, 157.85542226330077,  252.2575941032091,
  102.65543568355335, 150.81732278297898, 167.90629816472372,  294.6429117367276,
   54.17279997804991, 210.41913490243365, 1.5382120363446106,  42.29934760735263,
   136.6644048315808,  257.5922922686184,  133.8096451129501, 108.23348541468177,
   66.70228137458648, 53.234830107022724, 181.03158389952867, 214.00603525935117,
   279.5230049290478,  304.7007070981861,  266.5088585518392,  325.1539099116764,
   232.3027100688603,  186.7755508487866,  347.2807998588743, 261.07487955443054,
   397.6758256263335, 215.38447445276532, 141.71887299208228,  356.4276321724611,
  ... 100 more items
]
[
  26.497252317582785,  65.58322834222913,  2.2303439007469805,
   1.764992004511896,  43.39748890513928,   64.88635304740095,
  44.333951795071314,  47.03832466058181,    76.9042866415682,
   51.36787194562744,  60.35487723855816,  19.046891692740093,
   8.663739204736611,  40.24717001245083,   39.45196052262464,
  0.5831432029265748,  8.193763712600362,   43.82900802961893,
   39.55879125484509,  73.13598725469076,  56.768676087833576,
  0.3318535789840027,  51.08981221384994,  53.486662259535684,
  24.913218316567445, 21.077076490407496,   44.04934407204603,
   76.89978814033103,  77.88609995928779,   37.68521754998357,
  29.363974197371245,  75.31434850314119,   12.90480158244426,
  27.180181096839284,  43.65490868741869,   69.20486451080617,
  51.871976376728156, 2.6538604857452164,   36.48794983531186,
   52.49866348723948, 30.175902384286708, 0.49349572434547184,
  0.4707181648613279,  43.81539866798127,   28.65574680363382,
  56.180700222036904,  17.70168128666274,    70.8491555540104,
   72.11734044663685,   24.2514542461039
]
PS C:\Users\yuris\OneDrive\Documents\GitHub\CSD122-JS-Works\JS-Class> node .\mid-testing.js
The result is: 1020
[ 'Apple', 'Orange', 'Pear' ]
[ 'John', 'Doe' ]
[ 'Mary', 'Smith' ]
[
  180.22152283868502, 106.41052424708981, 3.6534885146452645,  92.31083343678792,
   391.1408787755014, 119.18523554313359, 392.44987018859405, 201.48330770820843,
  21.987412459332667,  384.7997890121036, 216.34752492095376,  145.0675071945466,
  366.51383567402604, 338.96157418590167,  87.35609158658129,  263.6780872522019,
   79.53804392501631, 163.73305077199564,  72.79007224735592, 292.87390656518204,
   216.0085260599031, 357.47861071136214, 389.83161887857125,  266.4705140965482,
   258.0166322803861,  392.2629812089683, 386.19812299125573,  288.0967952828995,
  10.387243690306391, 23.562464455773036,  18.21789780621872, 285.92651826518915,
   16.75523369309113, 146.93393154223006, 192.28268559034154, 124.42781527383264,
  21.515952313298836, 25.717512159289946, 153.17504400781826, 254.41288066687332,
   58.95194511539561, 135.62902540768516, 153.07064401057426,   48.3304578490797,
   216.5762881766854, 310.46902291043637, 378.98210261823255,  374.7546605594956,
  128.35489800055697, 60.125666024955926, 200.80761701918954,  20.80643990635398,
  330.09254310065586, 240.33404733239178, 119.54107397737434,  210.9917794072504,
  191.44681413870376, 249.69832343098756,  13.17166930989222, 115.57168333643358,
   357.0873567953468,  336.6338480352695, 30.838257126527502, 278.93593130439234,
  257.75604623454996, 230.27974804520923, 169.31883614370759,  344.6773118657229,
  130.88750300093858, 385.28506639861683,  31.36862241862204,  237.7062072335665,
   277.3132915214882,  68.79162888220662,  213.6694471832155, 273.53186825524824,
  38.626348792211296, 260.86430871193204, 122.29203880453011, 253.33816010009141,
  248.40094793820393,  99.79085978506026, 155.74649619697985, 15.198723560192295,
  172.06583098220608, 131.89884197131798, 373.18438675979706,  5.178438485733761,
   272.3800308683184,  246.6116996179017,  371.6879782085946,   171.802144824823,
   54.19853380510862,  366.3534472089326, 366.03561092313186,  317.4921413926959,
  129.96356233454014,   10.5076131680514, 188.32846527456377,  322.7207036140413,
  ... 100 more items
]
[
   56.53599463885739,  52.12201451874645,  73.89550202863296,
  23.698082022632523,  5.245244183314135, 19.503005946379606,
  26.896185602739724,  42.42434441049669, 26.089854340530607,
   64.85055071231876, 53.729803230148185,  10.89019085104768,
  53.340417278008196, 45.115223833039906, 3.9356442712717588,
   41.70196628961891,  7.052999715634591,  8.578658422991285,
  37.576355556516425, 10.767958209618627,  67.68976698873772,
   27.12738678337109,  45.00998610133897, 11.022690739958936,
   34.41044678223527,  38.26997962520332,   77.7123539438174,
  30.634344848344384,  38.40772510702923,  58.49095954734091,
  37.193781986291654,  49.85722853416661,  2.486609797249706,
   66.17118163982911, 25.053763553446693, 42.738733713153074,
  13.322352852900767, 15.437350981546789,  77.74911772633624,
   6.415623321316666, 11.771572004152961,  69.16277812776877,
   72.92511052064363,   52.5852166226383,  50.47098996473919,
  36.286482730936754,  30.48140243015979,  20.93942011097619,
    76.2163526354841,  59.62302260778151
]
31.83787160724478
PS C:\Users\yuris\OneDrive\Documents\GitHub\CSD122-JS-Works\JS-Class> node .\mid-testing.js
The result is: 1020
[ 'Apple', 'Orange', 'Pear' ]
[ 'John', 'Doe' ]
[ 'Mary', 'Smith' ]
Hello World
PS C:\Users\yuris\OneDrive\Documents\GitHub\CSD122-JS-Works\JS-Class> node .\mid-testing.js
The result is: 1020
[ 'Apple', 'Orange', 'Pear' ]
[ 'John', 'Doe' ]
[ 'Mary', 'Smith' ]
C:\Users\yuris\OneDrive\Documents\GitHub\CSD122-JS-Works\JS-Class\mid-testing.js:51
(function() {
^

TypeError: 1 is not a function
    at Object.<anonymous> (C:\Users\yuris\OneDrive\Documents\GitHub\CSD122-JS-Works\JS-Class\mid-testing.js:51:1)
    at Module._compile (internal/modules/cjs/loader.js:1133:30)
    at Object.Module._extensions..js (internal/modules/cjs/loader.js:1153:10)
    at Module.load (internal/modules/cjs/loader.js:977:32)
    at Function.Module._load (internal/modules/cjs/loader.js:877:14)
    at Function.executeUserEntryPoint [as runMain] (internal/modules/run_main.js:74:12)
    at internal/main/run_main_module.js:18:47
PS C:\Users\yuris\OneDrive\Documents\GitHub\CSD122-JS-Works\JS-Class> node .\mid-testing.js
The result is: 1020
[ 'Apple', 'Orange', 'Pear' ]
[ 'John', 'Doe' ]
[ 'Mary', 'Smith' ]
Hello World
true
false
PS C:\Users\yuris\OneDrive\Documents\GitHub\CSD122-JS-Works\JS-Class>